x:\github\server_std\gameserver\x64\debug\gameserver.pch
x:\github\server_std\gameserver\x64\debug\pch.obj
x:\github\server_std\gameserver\x64\debug\vc143.pdb
x:\github\server_std\gameserver\x64\debug\struct.pb.obj
x:\github\server_std\gameserver\x64\debug\protocol.pb.obj
x:\github\server_std\gameserver\x64\debug\enum.pb.obj
x:\github\server_std\gameserver\x64\debug\utils.obj
x:\github\server_std\gameserver\x64\debug\room.obj
x:\github\server_std\gameserver\x64\debug\clientpackethandler.obj
x:\github\server_std\gameserver\x64\debug\player.obj
x:\github\server_std\gameserver\x64\debug\objectutils.obj
x:\github\server_std\gameserver\x64\debug\gamesessionmanager.obj
x:\github\server_std\gameserver\x64\debug\gamesession.obj
x:\github\server_std\gameserver\x64\debug\gameserver.obj
x:\github\server_std\binary\debug\gameserver.exe
x:\github\server_std\binary\debug\gameserver.pdb
x:\github\server_std\gameserver\x64\debug\gameserver.ilk
c:\users\jjw85\appdata\local\temp\server_std\gameserver\x64\debug\gameserver.tlog\cl.command.1.tlog
c:\users\jjw85\appdata\local\temp\server_std\gameserver\x64\debug\gameserver.tlog\cl.items.tlog
c:\users\jjw85\appdata\local\temp\server_std\gameserver\x64\debug\gameserver.tlog\cl.read.1.tlog
c:\users\jjw85\appdata\local\temp\server_std\gameserver\x64\debug\gameserver.tlog\cl.write.1.tlog
c:\users\jjw85\appdata\local\temp\server_std\gameserver\x64\debug\gameserver.tlog\link.command.1.tlog
c:\users\jjw85\appdata\local\temp\server_std\gameserver\x64\debug\gameserver.tlog\link.read.1.tlog
c:\users\jjw85\appdata\local\temp\server_std\gameserver\x64\debug\gameserver.tlog\link.secondary.1.tlog
c:\users\jjw85\appdata\local\temp\server_std\gameserver\x64\debug\gameserver.tlog\link.write.1.tlog
